Archive member included to satisfy reference by file (symbol)

../qtouch/lib/gcc\libqtm_touch_key_t1616_0x0002.a(avr_touch_key_g_t1616.o)
                              qtouch/touch.o (qtm_update_qtlib_timer)
../qtouch/lib/gcc\libqtm_binding_layer_t1616_0x0005.a(avr_binding_layer_g_t1616.o)
                              qtouch/touch.o (qmt_get_binding_layer_ptr)
../qtouch/lib/gcc\libqtm_acq_runtime_t1616_0x0018.a(avr_acq_g_t1616.o)
                              qtouch/touch.o (qtm_acquisition_process)
e:/atmel_studio/web_install_dir/7.0/toolchain/avr8/avr8-gnu-toolchain/bin/../lib/gcc/avr/5.4.0/avrxmega3\libgcc.a(_exit.o)
                              E:/atmel_studio/web_install_dir/7.0/Packs/atmel/ATtiny_DFP/1.3.172/gcc/dev/attiny1616/avrxmega3/crtattiny1616.o (exit)
e:/atmel_studio/web_install_dir/7.0/toolchain/avr8/avr8-gnu-toolchain/bin/../lib/gcc/avr/5.4.0/avrxmega3\libgcc.a(_copy_data.o)
                              qtouch/touch.o (__do_copy_data)
e:/atmel_studio/web_install_dir/7.0/toolchain/avr8/avr8-gnu-toolchain/bin/../lib/gcc/avr/5.4.0/avrxmega3\libgcc.a(_clear_bss.o)
                              examples/src/i2c_slave_example.o (__do_clear_bss)

Allocating common symbols
Common symbol       size              file

I2C_0_stop_interrupt_handler
                    0x2               src/i2c_slave.o
I2C_0_num_writes    0x1               examples/src/i2c_slave_example.o
touch_value         0x1               main.o
qstate              0x1               qtouch/touch.o
qtlib_key_grp_data_set1
                    0x6               qtouch/touch.o
slave_address       0x1               main.o
I2C_0_register_address
                    0x1               examples/src/i2c_slave_example.o
I2C_0_write_interrupt_handler
                    0x2               src/i2c_slave.o
qtm_acquisition_control_working_set_ptr
                    0x2               ../qtouch/lib/gcc\libqtm_acq_runtime_t1616_0x0018.a(avr_acq_g_t1616.o)
register_address    0x1               main.o
I2C_0_read_interrupt_handler
                    0x2               src/i2c_slave.o
I2C_0_num_reads     0x1               examples/src/i2c_slave_example.o
interrupt_cnt       0x1               qtouch/touch.o
ptc_qtlib_node_stat1
                    0x28              qtouch/touch.o
touch_acq_signals_raw
                    0x10              qtouch/touch.o
raw_value           0x8               main.o
i                   0x2               main.o
p_qtm_control       0x2               qtouch/touch.o
qtm_control         0x19              qtouch/touch.o
I2C_0_num_stops     0x1               examples/src/i2c_slave_example.o
I2C_0_address_interrupt_handler
                    0x2               src/i2c_slave.o
I2C_0_num_addresses
                    0x1               examples/src/i2c_slave_example.o
num_reads           0x1               main.o
num_addresses       0x1               main.o
I2C_0_bus_error_interrupt_handler
                    0x2               src/i2c_slave.o
qtlib_key_data_set1
                    0x30              qtouch/touch.o
I2C_0_slave_address
                    0x1               examples/src/i2c_slave_example.o
qtm_raw_data_measurements_ptr
                    0x2               ../qtouch/lib/gcc\libqtm_acq_runtime_t1616_0x0018.a(avr_acq_g_t1616.o)
I2C_0_collision_interrupt_handler
                    0x2               src/i2c_slave.o
num_stops           0x1               main.o
num_writes          0x1               main.o
qtm                 0x2               ../qtouch/lib/gcc\libqtm_binding_layer_t1616_0x0005.a(avr_binding_layer_g_t1616.o)

Discarded input sections

 .data          0x00000000        0x0 E:/atmel_studio/web_install_dir/7.0/Packs/atmel/ATtiny_DFP/1.3.172/gcc/dev/attiny1616/avrxmega3/crtattiny1616.o
 .bss           0x00000000        0x0 E:/atmel_studio/web_install_dir/7.0/Packs/atmel/ATtiny_DFP/1.3.172/gcc/dev/attiny1616/avrxmega3/crtattiny1616.o
 .text          0x00000000        0x0 atmel_start.o
 .data          0x00000000        0x0 atmel_start.o
 .bss           0x00000000        0x0 atmel_start.o
 .text          0x00000000        0x0 driver_isr.o
 .data          0x00000000        0x0 driver_isr.o
 .bss           0x00000000        0x0 driver_isr.o
 .text          0x00000000        0x0 examples/src/i2c_slave_example.o
 .data          0x00000000        0x0 examples/src/i2c_slave_example.o
 .bss           0x00000000        0x0 examples/src/i2c_slave_example.o
 .text.I2C_0_stop_handler
                0x00000000        0xc examples/src/i2c_slave_example.o
 .text.I2C_0_error_handler
                0x00000000        0x2 examples/src/i2c_slave_example.o
 .text.I2C_0_address_handler
                0x00000000       0x18 examples/src/i2c_slave_example.o
 .text.I2C_0_write_handler
                0x00000000       0x18 examples/src/i2c_slave_example.o
 .text.I2C_0_read_handler
                0x00000000       0x12 examples/src/i2c_slave_example.o
 .text.I2C_0_test_i2c_slave
                0x00000000       0x40 examples/src/i2c_slave_example.o
 .debug_info    0x00000000      0x2e3 examples/src/i2c_slave_example.o
 .debug_abbrev  0x00000000       0xf5 examples/src/i2c_slave_example.o
 .debug_aranges
                0x00000000       0x48 examples/src/i2c_slave_example.o
 .debug_ranges  0x00000000       0x38 examples/src/i2c_slave_example.o
 .debug_line    0x00000000      0x18b examples/src/i2c_slave_example.o
 .debug_str     0x00000000      0x374 examples/src/i2c_slave_example.o
 .comment       0x00000000       0x31 examples/src/i2c_slave_example.o
 .debug_frame   0x00000000       0x74 examples/src/i2c_slave_example.o
 COMMON         0x00000000        0x6 examples/src/i2c_slave_example.o
 .text          0x00000000        0x0 examples/src/touch_example.o
 .data          0x00000000        0x0 examples/src/touch_example.o
 .bss           0x00000000        0x0 examples/src/touch_example.o
 .text.touch_status_display
                0x00000000       0x72 examples/src/touch_example.o
 .text.touch_example
                0x00000000       0x14 examples/src/touch_example.o
 .bss.key_status
                0x00000000        0x1 examples/src/touch_example.o
 .debug_info    0x00000000      0x1b6 examples/src/touch_example.o
 .debug_abbrev  0x00000000       0xbd examples/src/touch_example.o
 .debug_aranges
                0x00000000       0x28 examples/src/touch_example.o
 .debug_ranges  0x00000000       0x18 examples/src/touch_example.o
 .debug_line    0x00000000      0x129 examples/src/touch_example.o
 .debug_str     0x00000000      0x21c examples/src/touch_example.o
 .comment       0x00000000       0x31 examples/src/touch_example.o
 .debug_frame   0x00000000       0x34 examples/src/touch_example.o
 .text          0x00000000        0x0 main.o
 .data          0x00000000        0x0 main.o
 .bss           0x00000000        0x0 main.o
 .text          0x00000000        0x0 qtouch/touch.o
 .data          0x00000000        0x0 qtouch/touch.o
 .bss           0x00000000        0x0 qtouch/touch.o
 .text.update_sensor_node_signal
                0x00000000       0x1a qtouch/touch.o
 .text.get_sensor_node_reference
                0x00000000       0x1a qtouch/touch.o
 .text.update_sensor_node_reference
                0x00000000       0x1a qtouch/touch.o
 .text.get_sensor_cc_val
                0x00000000       0x1a qtouch/touch.o
 .text.update_sensor_cc_val
                0x00000000       0x1a qtouch/touch.o
 .text.update_sensor_state
                0x00000000       0x1e qtouch/touch.o
 .text.calibrate_node
                0x00000000       0x32 qtouch/touch.o
 .text          0x00000000        0x0 src/bod.o
 .data          0x00000000        0x0 src/bod.o
 .bss           0x00000000        0x0 src/bod.o
 .text          0x00000000        0x0 src/clkctrl.o
 .data          0x00000000        0x0 src/clkctrl.o
 .bss           0x00000000        0x0 src/clkctrl.o
 .text          0x00000000        0x0 src/cpuint.o
 .data          0x00000000        0x0 src/cpuint.o
 .bss           0x00000000        0x0 src/cpuint.o
 .text          0x00000000        0x0 src/driver_init.o
 .data          0x00000000        0x0 src/driver_init.o
 .bss           0x00000000        0x0 src/driver_init.o
 .text          0x00000000        0x0 src/i2c_slave.o
 .data          0x00000000        0x0 src/i2c_slave.o
 .bss           0x00000000        0x0 src/i2c_slave.o
 .text.I2C_0_close
                0x00000000        0xc src/i2c_slave.o
 .text.I2C_0_enable
                0x00000000        0xc src/i2c_slave.o
 .text.I2C_0_send_nack
                0x00000000        0x8 src/i2c_slave.o
 .text          0x00000000        0x0 src/protected_io.o
 .data          0x00000000        0x0 src/protected_io.o
 .bss           0x00000000        0x0 src/protected_io.o
 .text.protected_write_io
                0x00000000        0x8 src/protected_io.o
 .debug_line    0x00000000       0x55 src/protected_io.o
 .debug_info    0x00000000       0xac src/protected_io.o
 .debug_abbrev  0x00000000       0x14 src/protected_io.o
 .debug_aranges
                0x00000000       0x20 src/protected_io.o
 .text          0x00000000        0x0 src/rtc.o
 .data          0x00000000        0x0 src/rtc.o
 .bss           0x00000000        0x0 src/rtc.o
 .text          0x00000000        0x0 src/slpctrl.o
 .data          0x00000000        0x0 src/slpctrl.o
 .bss           0x00000000        0x0 src/slpctrl.o
 .text          0x00000000        0x0 ../qtouch/lib/gcc\libqtm_touch_key_t1616_0x0002.a(avr_touch_key_g_t1616.o)
 .data          0x00000000        0x0 ../qtouch/lib/gcc\libqtm_touch_key_t1616_0x0002.a(avr_touch_key_g_t1616.o)
 .bss           0x00000000        0x0 ../qtouch/lib/gcc\libqtm_touch_key_t1616_0x0002.a(avr_touch_key_g_t1616.o)
 .text.qtm_key_suspend
                0x00000000       0x4e ../qtouch/lib/gcc\libqtm_touch_key_t1616_0x0002.a(avr_touch_key_g_t1616.o)
 .text.qtm_key_resume
                0x00000000       0x4e ../qtouch/lib/gcc\libqtm_touch_key_t1616_0x0002.a(avr_touch_key_g_t1616.o)
 .text.qtm_get_touch_keys_module_id
                0x00000000        0x6 ../qtouch/lib/gcc\libqtm_touch_key_t1616_0x0002.a(avr_touch_key_g_t1616.o)
 .text.qtm_get_touch_keys_module_ver
                0x00000000        0x4 ../qtouch/lib/gcc\libqtm_touch_key_t1616_0x0002.a(avr_touch_key_g_t1616.o)
 .text          0x00000000        0x0 ../qtouch/lib/gcc\libqtm_binding_layer_t1616_0x0005.a(avr_binding_layer_g_t1616.o)
 .data          0x00000000        0x0 ../qtouch/lib/gcc\libqtm_binding_layer_t1616_0x0005.a(avr_binding_layer_g_t1616.o)
 .bss           0x00000000        0x0 ../qtouch/lib/gcc\libqtm_binding_layer_t1616_0x0005.a(avr_binding_layer_g_t1616.o)
 .text.qtm_lib_get_state
                0x00000000        0x6 ../qtouch/lib/gcc\libqtm_binding_layer_t1616_0x0005.a(avr_binding_layer_g_t1616.o)
 .text.qtm_get_binding_layer_module_id
                0x00000000        0x6 ../qtouch/lib/gcc\libqtm_binding_layer_t1616_0x0005.a(avr_binding_layer_g_t1616.o)
 .text.qtm_get_binding_layer_module_version
                0x00000000        0x4 ../qtouch/lib/gcc\libqtm_binding_layer_t1616_0x0005.a(avr_binding_layer_g_t1616.o)
 .text          0x00000000        0x0 ../qtouch/lib/gcc\libqtm_acq_runtime_t1616_0x0018.a(avr_acq_g_t1616.o)
 .data          0x00000000        0x0 ../qtouch/lib/gcc\libqtm_acq_runtime_t1616_0x0018.a(avr_acq_g_t1616.o)
 .bss           0x00000000        0x0 ../qtouch/lib/gcc\libqtm_acq_runtime_t1616_0x0018.a(avr_acq_g_t1616.o)
 .text.qtm_autoscan_sensor_node
                0x00000000      0x278 ../qtouch/lib/gcc\libqtm_acq_runtime_t1616_0x0018.a(avr_acq_g_t1616.o)
 .text.qtm_autoscan_node_cancel
                0x00000000       0x22 ../qtouch/lib/gcc\libqtm_acq_runtime_t1616_0x0018.a(avr_acq_g_t1616.o)
 .text.qtm_t161x_ptc_handler_wcomp
                0x00000000       0x8c ../qtouch/lib/gcc\libqtm_acq_runtime_t1616_0x0018.a(avr_acq_g_t1616.o)
 .text.qtm_ptc_de_init
                0x00000000        0xa ../qtouch/lib/gcc\libqtm_acq_runtime_t1616_0x0018.a(avr_acq_g_t1616.o)
 .text.qtm_t161x_acq_module_get_id
                0x00000000        0x6 ../qtouch/lib/gcc\libqtm_acq_runtime_t1616_0x0018.a(avr_acq_g_t1616.o)
 .text.qtm_t161x_acq_module_get_version
                0x00000000        0x4 ../qtouch/lib/gcc\libqtm_acq_runtime_t1616_0x0018.a(avr_acq_g_t1616.o)
 .bss.ptc_wcomp_happened_pointer
                0x00000000        0x2 ../qtouch/lib/gcc\libqtm_acq_runtime_t1616_0x0018.a(avr_acq_g_t1616.o)
 .text          0x00000000        0x0 e:/atmel_studio/web_install_dir/7.0/toolchain/avr8/avr8-gnu-toolchain/bin/../lib/gcc/avr/5.4.0/avrxmega3\libgcc.a(_exit.o)
 .data          0x00000000        0x0 e:/atmel_studio/web_install_dir/7.0/toolchain/avr8/avr8-gnu-toolchain/bin/../lib/gcc/avr/5.4.0/avrxmega3\libgcc.a(_exit.o)
 .bss           0x00000000        0x0 e:/atmel_studio/web_install_dir/7.0/toolchain/avr8/avr8-gnu-toolchain/bin/../lib/gcc/avr/5.4.0/avrxmega3\libgcc.a(_exit.o)
 .text.libgcc.mul
                0x00000000        0x0 e:/atmel_studio/web_install_dir/7.0/toolchain/avr8/avr8-gnu-toolchain/bin/../lib/gcc/avr/5.4.0/avrxmega3\libgcc.a(_exit.o)
 .text.libgcc.div
                0x00000000        0x0 e:/atmel_studio/web_install_dir/7.0/toolchain/avr8/avr8-gnu-toolchain/bin/../lib/gcc/avr/5.4.0/avrxmega3\libgcc.a(_exit.o)
 .text.libgcc   0x00000000        0x0 e:/atmel_studio/web_install_dir/7.0/toolchain/avr8/avr8-gnu-toolchain/bin/../lib/gcc/avr/5.4.0/avrxmega3\libgcc.a(_exit.o)
 .text.libgcc.prologue
                0x00000000        0x0 e:/atmel_studio/web_install_dir/7.0/toolchain/avr8/avr8-gnu-toolchain/bin/../lib/gcc/avr/5.4.0/avrxmega3\libgcc.a(_exit.o)
 .text.libgcc.builtins
                0x00000000        0x0 e:/atmel_studio/web_install_dir/7.0/toolchain/avr8/avr8-gnu-toolchain/bin/../lib/gcc/avr/5.4.0/avrxmega3\libgcc.a(_exit.o)
 .text.libgcc.fmul
                0x00000000        0x0 e:/atmel_studio/web_install_dir/7.0/toolchain/avr8/avr8-gnu-toolchain/bin/../lib/gcc/avr/5.4.0/avrxmega3\libgcc.a(_exit.o)
 .text.libgcc.fixed
                0x00000000        0x0 e:/atmel_studio/web_install_dir/7.0/toolchain/avr8/avr8-gnu-toolchain/bin/../lib/gcc/avr/5.4.0/avrxmega3\libgcc.a(_exit.o)
 .text          0x00000000        0x0 e:/atmel_studio/web_install_dir/7.0/toolchain/avr8/avr8-gnu-toolchain/bin/../lib/gcc/avr/5.4.0/avrxmega3\libgcc.a(_copy_data.o)
 .data          0x00000000        0x0 e:/atmel_studio/web_install_dir/7.0/toolchain/avr8/avr8-gnu-toolchain/bin/../lib/gcc/avr/5.4.0/avrxmega3\libgcc.a(_copy_data.o)
 .bss           0x00000000        0x0 e:/atmel_studio/web_install_dir/7.0/toolchain/avr8/avr8-gnu-toolchain/bin/../lib/gcc/avr/5.4.0/avrxmega3\libgcc.a(_copy_data.o)
 .text.libgcc.mul
                0x00000000        0x0 e:/atmel_studio/web_install_dir/7.0/toolchain/avr8/avr8-gnu-toolchain/bin/../lib/gcc/avr/5.4.0/avrxmega3\libgcc.a(_copy_data.o)
 .text.libgcc.div
                0x00000000        0x0 e:/atmel_studio/web_install_dir/7.0/toolchain/avr8/avr8-gnu-toolchain/bin/../lib/gcc/avr/5.4.0/avrxmega3\libgcc.a(_copy_data.o)
 .text.libgcc   0x00000000        0x0 e:/atmel_studio/web_install_dir/7.0/toolchain/avr8/avr8-gnu-toolchain/bin/../lib/gcc/avr/5.4.0/avrxmega3\libgcc.a(_copy_data.o)
 .text.libgcc.prologue
                0x00000000        0x0 e:/atmel_studio/web_install_dir/7.0/toolchain/avr8/avr8-gnu-toolchain/bin/../lib/gcc/avr/5.4.0/avrxmega3\libgcc.a(_copy_data.o)
 .text.libgcc.builtins
                0x00000000        0x0 e:/atmel_studio/web_install_dir/7.0/toolchain/avr8/avr8-gnu-toolchain/bin/../lib/gcc/avr/5.4.0/avrxmega3\libgcc.a(_copy_data.o)
 .text.libgcc.fmul
                0x00000000        0x0 e:/atmel_studio/web_install_dir/7.0/toolchain/avr8/avr8-gnu-toolchain/bin/../lib/gcc/avr/5.4.0/avrxmega3\libgcc.a(_copy_data.o)
 .text.libgcc.fixed
                0x00000000        0x0 e:/atmel_studio/web_install_dir/7.0/toolchain/avr8/avr8-gnu-toolchain/bin/../lib/gcc/avr/5.4.0/avrxmega3\libgcc.a(_copy_data.o)
 .text          0x00000000        0x0 e:/atmel_studio/web_install_dir/7.0/toolchain/avr8/avr8-gnu-toolchain/bin/../lib/gcc/avr/5.4.0/avrxmega3\libgcc.a(_clear_bss.o)
 .data          0x00000000        0x0 e:/atmel_studio/web_install_dir/7.0/toolchain/avr8/avr8-gnu-toolchain/bin/../lib/gcc/avr/5.4.0/avrxmega3\libgcc.a(_clear_bss.o)
 .bss           0x00000000        0x0 e:/atmel_studio/web_install_dir/7.0/toolchain/avr8/avr8-gnu-toolchain/bin/../lib/gcc/avr/5.4.0/avrxmega3\libgcc.a(_clear_bss.o)
 .text.libgcc.mul
                0x00000000        0x0 e:/atmel_studio/web_install_dir/7.0/toolchain/avr8/avr8-gnu-toolchain/bin/../lib/gcc/avr/5.4.0/avrxmega3\libgcc.a(_clear_bss.o)
 .text.libgcc.div
                0x00000000        0x0 e:/atmel_studio/web_install_dir/7.0/toolchain/avr8/avr8-gnu-toolchain/bin/../lib/gcc/avr/5.4.0/avrxmega3\libgcc.a(_clear_bss.o)
 .text.libgcc   0x00000000        0x0 e:/atmel_studio/web_install_dir/7.0/toolchain/avr8/avr8-gnu-toolchain/bin/../lib/gcc/avr/5.4.0/avrxmega3\libgcc.a(_clear_bss.o)
 .text.libgcc.prologue
                0x00000000        0x0 e:/atmel_studio/web_install_dir/7.0/toolchain/avr8/avr8-gnu-toolchain/bin/../lib/gcc/avr/5.4.0/avrxmega3\libgcc.a(_clear_bss.o)
 .text.libgcc.builtins
                0x00000000        0x0 e:/atmel_studio/web_install_dir/7.0/toolchain/avr8/avr8-gnu-toolchain/bin/../lib/gcc/avr/5.4.0/avrxmega3\libgcc.a(_clear_bss.o)
 .text.libgcc.fmul
                0x00000000        0x0 e:/atmel_studio/web_install_dir/7.0/toolchain/avr8/avr8-gnu-toolchain/bin/../lib/gcc/avr/5.4.0/avrxmega3\libgcc.a(_clear_bss.o)
 .text.libgcc.fixed
                0x00000000        0x0 e:/atmel_studio/web_install_dir/7.0/toolchain/avr8/avr8-gnu-toolchain/bin/../lib/gcc/avr/5.4.0/avrxmega3\libgcc.a(_clear_bss.o)

Memory Configuration

Name             Origin             Length             Attributes
text             0x00000000         0x00100000         xr
data             0x00802000         0x0000ffa0         rw !x
eeprom           0x00810000         0x00010000         rw !x
fuse             0x00820000         0x00000009         rw !x
lock             0x00830000         0x00000400         rw !x
signature        0x00840000         0x00000400         rw !x
user_signatures  0x00850000         0x00000400         rw !x
*default*        0x00000000         0xffffffff

Linker script and memory map

Address of section .data set to 0x803800
                0x00008000                __RODATA_PM_OFFSET__ = 0x8000
LOAD E:/atmel_studio/web_install_dir/7.0/Packs/atmel/ATtiny_DFP/1.3.172/gcc/dev/attiny1616/avrxmega3/crtattiny1616.o
LOAD atmel_start.o
LOAD driver_isr.o
LOAD examples/src/i2c_slave_example.o
LOAD examples/src/touch_example.o
LOAD main.o
LOAD qtouch/touch.o
LOAD src/bod.o
LOAD src/clkctrl.o
LOAD src/cpuint.o
LOAD src/driver_init.o
LOAD src/i2c_slave.o
LOAD src/protected_io.o
LOAD src/rtc.o
LOAD src/slpctrl.o
START GROUP
LOAD ../qtouch/lib/gcc\libqtm_touch_key_t1616_0x0002.a
LOAD ../qtouch/lib/gcc\libqtm_binding_layer_t1616_0x0005.a
LOAD ../qtouch/lib/gcc\libqtm_acq_runtime_t1616_0x0018.a
LOAD e:/atmel_studio/web_install_dir/7.0/toolchain/avr8/avr8-gnu-toolchain/bin/../lib/gcc/avr/5.4.0/../../../../avr/lib/avrxmega3\libm.a
END GROUP
START GROUP
LOAD e:/atmel_studio/web_install_dir/7.0/toolchain/avr8/avr8-gnu-toolchain/bin/../lib/gcc/avr/5.4.0/avrxmega3\libgcc.a
LOAD e:/atmel_studio/web_install_dir/7.0/toolchain/avr8/avr8-gnu-toolchain/bin/../lib/gcc/avr/5.4.0/../../../../avr/lib/avrxmega3\libm.a
LOAD e:/atmel_studio/web_install_dir/7.0/toolchain/avr8/avr8-gnu-toolchain/bin/../lib/gcc/avr/5.4.0/../../../../avr/lib/avrxmega3\libc.a
LOAD E:/atmel_studio/web_install_dir/7.0/Packs/atmel/ATtiny_DFP/1.3.172/gcc/dev/attiny1616/avrxmega3\libattiny1616.a
END GROUP
                0x00100000                __TEXT_REGION_LENGTH__ = DEFINED (__TEXT_REGION_LENGTH__)?__TEXT_REGION_LENGTH__:0x100000
                0x0000ffa0                __DATA_REGION_LENGTH__ = DEFINED (__DATA_REGION_LENGTH__)?__DATA_REGION_LENGTH__:0xffa0
                0x00010000                __EEPROM_REGION_LENGTH__ = DEFINED (__EEPROM_REGION_LENGTH__)?__EEPROM_REGION_LENGTH__:0x10000
                [0x00000009]                __FUSE_REGION_LENGTH__ = DEFINED (__FUSE_REGION_LENGTH__)?__FUSE_REGION_LENGTH__:0x400
                0x00000400                __LOCK_REGION_LENGTH__ = DEFINED (__LOCK_REGION_LENGTH__)?__LOCK_REGION_LENGTH__:0x400
                0x00000400                __SIGNATURE_REGION_LENGTH__ = DEFINED (__SIGNATURE_REGION_LENGTH__)?__SIGNATURE_REGION_LENGTH__:0x400
                0x00000400                __USER_SIGNATURE_REGION_LENGTH__ = DEFINED (__USER_SIGNATURE_REGION_LENGTH__)?__USER_SIGNATURE_REGION_LENGTH__:0x400
                0x00008000                __RODATA_PM_OFFSET__ = DEFINED (__RODATA_PM_OFFSET__)?__RODATA_PM_OFFSET__:0x8000

.hash
 *(.hash)

.dynsym
 *(.dynsym)

.dynstr
 *(.dynstr)

.gnu.version
 *(.gnu.version)

.gnu.version_d
 *(.gnu.version_d)

.gnu.version_r
 *(.gnu.version_r)

.rel.init
 *(.rel.init)

.rela.init
 *(.rela.init)

.rel.text
 *(.rel.text)
 *(.rel.text.*)
 *(.rel.gnu.linkonce.t*)

.rela.text
 *(.rela.text)
 *(.rela.text.*)
 *(.rela.gnu.linkonce.t*)

.rel.fini
 *(.rel.fini)

.rela.fini
 *(.rela.fini)

.rel.rodata
 *(.rel.rodata)
 *(.rel.rodata.*)
 *(.rel.gnu.linkonce.r*)

.rela.rodata
 *(.rela.rodata)
 *(.rela.rodata.*)
 *(.rela.gnu.linkonce.r*)

.rel.data
 *(.rel.data)
 *(.rel.data.*)
 *(.rel.gnu.linkonce.d*)

.rela.data
 *(.rela.data)
 *(.rela.data.*)
 *(.rela.gnu.linkonce.d*)

.rel.ctors
 *(.rel.ctors)

.rela.ctors
 *(.rela.ctors)

.rel.dtors
 *(.rel.dtors)

.rela.dtors
 *(.rela.dtors)

.rel.got
 *(.rel.got)

.rela.got
 *(.rela.got)

.rel.bss
 *(.rel.bss)

.rela.bss
 *(.rela.bss)

.rel.plt
 *(.rel.plt)

.rela.plt
 *(.rela.plt)

.text           0x00000000     0x19e4
 *(.vectors)
 .vectors       0x00000000       0x7c E:/atmel_studio/web_install_dir/7.0/Packs/atmel/ATtiny_DFP/1.3.172/gcc/dev/attiny1616/avrxmega3/crtattiny1616.o
                0x00000000                __vector_default
                0x00000000                __vectors
 *(.vectors)
 *(.progmem.gcc*)
                0x0000007c                . = ALIGN (0x2)
                0x0000007c                __trampolines_start = .
 *(.trampolines)
 .trampolines   0x0000007c        0x0 linker stubs
 *(.trampolines*)
                0x0000007c                __trampolines_end = .
 *libprintf_flt.a:*(.progmem.data)
 *libc.a:*(.progmem.data)
 *(.progmem*)
                0x0000007c                . = ALIGN (0x2)
 *(.jumptables)
 *(.jumptables*)
 *(.lowtext)
 *(.lowtext*)
                0x0000007c                __ctors_start = .
 *(.ctors)
                0x0000007c                __ctors_end = .
                0x0000007c                __dtors_start = .
 *(.dtors)
                0x0000007c                __dtors_end = .
 SORT(*)(.ctors)
 SORT(*)(.dtors)
 *(.init0)
 .init0         0x0000007c        0x0 E:/atmel_studio/web_install_dir/7.0/Packs/atmel/ATtiny_DFP/1.3.172/gcc/dev/attiny1616/avrxmega3/crtattiny1616.o
                0x0000007c                __init
 *(.init0)
 *(.init1)
 *(.init1)
 *(.init2)
 .init2         0x0000007c        0xc E:/atmel_studio/web_install_dir/7.0/Packs/atmel/ATtiny_DFP/1.3.172/gcc/dev/attiny1616/avrxmega3/crtattiny1616.o
 *(.init2)
 *(.init3)
 *(.init3)
 *(.init4)
 .init4         0x00000088       0x16 e:/atmel_studio/web_install_dir/7.0/toolchain/avr8/avr8-gnu-toolchain/bin/../lib/gcc/avr/5.4.0/avrxmega3\libgcc.a(_copy_data.o)
                0x00000088                __do_copy_data
 .init4         0x0000009e       0x10 e:/atmel_studio/web_install_dir/7.0/toolchain/avr8/avr8-gnu-toolchain/bin/../lib/gcc/avr/5.4.0/avrxmega3\libgcc.a(_clear_bss.o)
                0x0000009e                __do_clear_bss
 *(.init4)
 *(.init5)
 *(.init5)
 *(.init6)
 *(.init6)
 *(.init7)
 *(.init7)
 *(.init8)
 *(.init8)
 *(.init9)
 .init9         0x000000ae        0x8 E:/atmel_studio/web_install_dir/7.0/Packs/atmel/ATtiny_DFP/1.3.172/gcc/dev/attiny1616/avrxmega3/crtattiny1616.o
 *(.init9)
 *(.text)
 .text          0x000000b6        0x4 E:/atmel_studio/web_install_dir/7.0/Packs/atmel/ATtiny_DFP/1.3.172/gcc/dev/attiny1616/avrxmega3/crtattiny1616.o
                0x000000b6                __vector_22
                0x000000b6                __vector_28
                0x000000b6                __vector_1
                0x000000b6                __vector_12
                0x000000b6                __bad_interrupt
                0x000000b6                __vector_3
                0x000000b6                __vector_23
                0x000000b6                __vector_30
                0x000000b6                __vector_25
                0x000000b6                __vector_11
                0x000000b6                __vector_13
                0x000000b6                __vector_17
                0x000000b6                __vector_19
                0x000000b6                __vector_7
                0x000000b6                __vector_27
                0x000000b6                __vector_5
                0x000000b6                __vector_4
                0x000000b6                __vector_9
                0x000000b6                __vector_2
                0x000000b6                __vector_21
                0x000000b6                __vector_15
                0x000000b6                __vector_29
                0x000000b6                __vector_8
                0x000000b6                __vector_26
                0x000000b6                __vector_14
                0x000000b6                __vector_10
                0x000000b6                __vector_16
                0x000000b6                __vector_18
                0x000000ba                . = ALIGN (0x2)
 *(.text.*)
 .text.atmel_start_init
                0x000000ba        0xa atmel_start.o
                0x000000ba                atmel_start_init
 .text.__vector_6
                0x000000c4       0x4e driver_isr.o
                0x000000c4                __vector_6
 .text.stop_handler
                0x00000112        0xc main.o
                0x00000112                stop_handler
 .text.error_handler
                0x0000011e        0x2 main.o
                0x0000011e                error_handler
 .text.address_handler
                0x00000120       0x18 main.o
                0x00000120                address_handler
 .text.write_handler
                0x00000138       0x18 main.o
                0x00000138                write_handler
 .text.read_handler
                0x00000150       0x28 main.o
                0x00000150                read_handler
 .text.touch_status_display1
                0x00000178       0x64 main.o
                0x00000178                touch_status_display1
 .text.main     0x000001dc       0x5a main.o
                0x000001dc                main
 .text.qtm_measure_complete_callback
                0x00000236        0xc qtouch/touch.o
 .text.qtm_post_process_complete
                0x00000242       0x26 qtouch/touch.o
 .text.qtm_error_callback
                0x00000268       0x20 qtouch/touch.o
 .text.init_complete_callback
                0x00000288       0x56 qtouch/touch.o
 .text.Timer_set_period
                0x000002de       0x16 qtouch/touch.o
                0x000002de                Timer_set_period
 .text.touch_init
                0x000002f4       0xcc qtouch/touch.o
                0x000002f4                touch_init
 .text.touch_process
                0x000003c0       0x78 qtouch/touch.o
                0x000003c0                touch_process
 .text.touch_timer_handler
                0x00000438       0x28 qtouch/touch.o
                0x00000438                touch_timer_handler
 .text.get_sensor_node_signal
                0x00000460       0x1a qtouch/touch.o
                0x00000460                get_sensor_node_signal
 .text.get_sensor_state
                0x0000047a       0x1e qtouch/touch.o
                0x0000047a                get_sensor_state
 .text.__vector_20
                0x00000498       0x48 qtouch/touch.o
                0x00000498                __vector_20
 .text.BOD_init
                0x000004e0        0x4 src/bod.o
                0x000004e0                BOD_init
 .text.CLKCTRL_init
                0x000004e4        0x4 src/clkctrl.o
                0x000004e4                CLKCTRL_init
 .text.CPUINT_init
                0x000004e8        0x6 src/cpuint.o
                0x000004e8                CPUINT_init
 .text.mcu_init
                0x000004ee       0x38 src/driver_init.o
                0x000004ee                mcu_init
 .text.I2C_0_initialization
                0x00000526       0x58 src/driver_init.o
                0x00000526                I2C_0_initialization
 .text.system_init
                0x0000057e       0x1e src/driver_init.o
                0x0000057e                system_init
 .text.I2C_0_init
                0x0000059c       0x3e src/i2c_slave.o
                0x0000059c                I2C_0_init
 .text.I2C_0_open
                0x000005da        0xc src/i2c_slave.o
                0x000005da                I2C_0_open
 .text.I2C_0_read
                0x000005e6        0x6 src/i2c_slave.o
                0x000005e6                I2C_0_read
 .text.I2C_0_write
                0x000005ec        0xe src/i2c_slave.o
                0x000005ec                I2C_0_write
 .text.I2C_0_send_ack
                0x000005fa        0x8 src/i2c_slave.o
                0x000005fa                I2C_0_send_ack
 .text.I2C_0_goto_unaddressed
                0x00000602       0x10 src/i2c_slave.o
                0x00000602                I2C_0_goto_unaddressed
 .text.I2C_0_read_callback
                0x00000612       0x10 src/i2c_slave.o
                0x00000612                I2C_0_read_callback
 .text.I2C_0_set_read_callback
                0x00000622        0xa src/i2c_slave.o
                0x00000622                I2C_0_set_read_callback
 .text.I2C_0_write_callback
                0x0000062c       0x10 src/i2c_slave.o
                0x0000062c                I2C_0_write_callback
 .text.I2C_0_set_write_callback
                0x0000063c        0xa src/i2c_slave.o
                0x0000063c                I2C_0_set_write_callback
 .text.I2C_0_address_callback
                0x00000646       0x10 src/i2c_slave.o
                0x00000646                I2C_0_address_callback
 .text.I2C_0_set_address_callback
                0x00000656        0xa src/i2c_slave.o
                0x00000656                I2C_0_set_address_callback
 .text.I2C_0_stop_callback
                0x00000660       0x10 src/i2c_slave.o
                0x00000660                I2C_0_stop_callback
 .text.I2C_0_set_stop_callback
                0x00000670        0xa src/i2c_slave.o
                0x00000670                I2C_0_set_stop_callback
 .text.I2C_0_collision_callback
                0x0000067a       0x10 src/i2c_slave.o
                0x0000067a                I2C_0_collision_callback
 .text.I2C_0_set_collision_callback
                0x0000068a        0xa src/i2c_slave.o
                0x0000068a                I2C_0_set_collision_callback
 .text.I2C_0_bus_error_callback
                0x00000694       0x10 src/i2c_slave.o
                0x00000694                I2C_0_bus_error_callback
 .text.I2C_0_isr
                0x000006a4       0x90 src/i2c_slave.o
                0x000006a4                I2C_0_isr
 .text.__vector_24
                0x00000734       0x48 src/i2c_slave.o
                0x00000734                __vector_24
 .text.I2C_0_set_bus_error_callback
                0x0000077c        0xa src/i2c_slave.o
                0x0000077c                I2C_0_set_bus_error_callback
 .text.Timer_init
                0x00000786       0x1a src/rtc.o
                0x00000786                Timer_init
 .text.SLPCTRL_init
                0x000007a0        0x4 src/slpctrl.o
                0x000007a0                SLPCTRL_init
 .text.check_for_aks_block
                0x000007a4       0xd2 ../qtouch/lib/gcc\libqtm_touch_key_t1616_0x0002.a(avr_touch_key_g_t1616.o)
 .text.qtm_update_qtlib_timer
                0x00000876       0x16 ../qtouch/lib/gcc\libqtm_touch_key_t1616_0x0002.a(avr_touch_key_g_t1616.o)
                0x00000876                qtm_update_qtlib_timer
 .text.qtm_init_sensor_key
                0x0000088c       0x3e ../qtouch/lib/gcc\libqtm_touch_key_t1616_0x0002.a(avr_touch_key_g_t1616.o)
                0x0000088c                qtm_init_sensor_key
 .text.qtm_key_sensors_process
                0x000008ca      0x74c ../qtouch/lib/gcc\libqtm_touch_key_t1616_0x0002.a(avr_touch_key_g_t1616.o)
                0x000008ca                qtm_key_sensors_process
 .text.qtm_error_handler
                0x00001016       0x1c ../qtouch/lib/gcc\libqtm_binding_layer_t1616_0x0005.a(avr_binding_layer_g_t1616.o)
 .text.generic_callback_function
                0x00001032       0x1a ../qtouch/lib/gcc\libqtm_binding_layer_t1616_0x0005.a(avr_binding_layer_g_t1616.o)
 .text.qmt_get_binding_layer_ptr
                0x0000104c        0xa ../qtouch/lib/gcc\libqtm_binding_layer_t1616_0x0005.a(avr_binding_layer_g_t1616.o)
                0x0000104c                qmt_get_binding_layer_ptr
 .text.qtm_binding_layer_init
                0x00001056       0xbe ../qtouch/lib/gcc\libqtm_binding_layer_t1616_0x0005.a(avr_binding_layer_g_t1616.o)
                0x00001056                qtm_binding_layer_init
 .text.qtm_lib_start_acquisition
                0x00001114       0xa0 ../qtouch/lib/gcc\libqtm_binding_layer_t1616_0x0005.a(avr_binding_layer_g_t1616.o)
                0x00001114                qtm_lib_start_acquisition
 .text.qtm_lib_acq_process
                0x000011b4       0x10 ../qtouch/lib/gcc\libqtm_binding_layer_t1616_0x0005.a(avr_binding_layer_g_t1616.o)
                0x000011b4                qtm_lib_acq_process
 .text.qtm_lib_post_process
                0x000011c4      0x11c ../qtouch/lib/gcc\libqtm_binding_layer_t1616_0x0005.a(avr_binding_layer_g_t1616.o)
                0x000011c4                qtm_lib_post_process
 .text.select_next_channel_to_measure
                0x000012e0       0x66 ../qtouch/lib/gcc\libqtm_acq_runtime_t1616_0x0018.a(avr_acq_g_t1616.o)
 .text.qtm_measure_node
                0x00001346      0x11a ../qtouch/lib/gcc\libqtm_acq_runtime_t1616_0x0018.a(avr_acq_g_t1616.o)
 .text.qtm_acquisition_process
                0x00001460      0x2fc ../qtouch/lib/gcc\libqtm_acq_runtime_t1616_0x0018.a(avr_acq_g_t1616.o)
                0x00001460                qtm_acquisition_process
 .text.qtm_ptc_init_acquisition_module
                0x0000175c       0x8c ../qtouch/lib/gcc\libqtm_acq_runtime_t1616_0x0018.a(avr_acq_g_t1616.o)
                0x0000175c                qtm_ptc_init_acquisition_module
 .text.qtm_ptc_qtlib_assign_signal_memory
                0x000017e8       0x14 ../qtouch/lib/gcc\libqtm_acq_runtime_t1616_0x0018.a(avr_acq_g_t1616.o)
                0x000017e8                qtm_ptc_qtlib_assign_signal_memory
 .text.qtm_ptc_start_measurement_seq
                0x000017fc       0xcc ../qtouch/lib/gcc\libqtm_acq_runtime_t1616_0x0018.a(avr_acq_g_t1616.o)
                0x000017fc                qtm_ptc_start_measurement_seq
 .text.qtm_enable_sensor_node
                0x000018c8       0x3e ../qtouch/lib/gcc\libqtm_acq_runtime_t1616_0x0018.a(avr_acq_g_t1616.o)
                0x000018c8                qtm_enable_sensor_node
 .text.qtm_calibrate_sensor_node
                0x00001906       0x82 ../qtouch/lib/gcc\libqtm_acq_runtime_t1616_0x0018.a(avr_acq_g_t1616.o)
                0x00001906                qtm_calibrate_sensor_node
 .text.qtm_t161x_ptc_handler_eoc
                0x00001988       0x58 ../qtouch/lib/gcc\libqtm_acq_runtime_t1616_0x0018.a(avr_acq_g_t1616.o)
                0x00001988                qtm_t161x_ptc_handler_eoc
                0x000019e0                . = ALIGN (0x2)
 *(.fini9)
 .fini9         0x000019e0        0x0 e:/atmel_studio/web_install_dir/7.0/toolchain/avr8/avr8-gnu-toolchain/bin/../lib/gcc/avr/5.4.0/avrxmega3\libgcc.a(_exit.o)
                0x000019e0                _exit
                0x000019e0                exit
 *(.fini9)
 *(.fini8)
 *(.fini8)
 *(.fini7)
 *(.fini7)
 *(.fini6)
 *(.fini6)
 *(.fini5)
 *(.fini5)
 *(.fini4)
 *(.fini4)
 *(.fini3)
 *(.fini3)
 *(.fini2)
 *(.fini2)
 *(.fini1)
 *(.fini1)
 *(.fini0)
 .fini0         0x000019e0        0x4 e:/atmel_studio/web_install_dir/7.0/toolchain/avr8/avr8-gnu-toolchain/bin/../lib/gcc/avr/5.4.0/avrxmega3\libgcc.a(_exit.o)
 *(.fini0)
                0x000019e4                _etext = .

.rodata         0x000099e4        0x6 load address 0x000019e4
 *(.rodata)
 *(.rodata*)
 .rodata.gain_setting_int_cap
                0x000099e4        0x6 ../qtouch/lib/gcc\libqtm_acq_runtime_t1616_0x0018.a(avr_acq_g_t1616.o)
 *(.gnu.linkonce.r*)

.data           0x00803800       0x8e load address 0x000019ea
                0x00803800                PROVIDE (__data_start, .)
 *(.data)
 *(.data*)
 .data.library_module_proc_data_model
                0x00803800        0x4 qtouch/touch.o
                0x00803800                library_module_proc_data_model
 .data.library_module_acq_engine_data_model
                0x00803804        0x4 qtouch/touch.o
                0x00803804                library_module_acq_engine_data_model
 .data.library_modules_acq_engines
                0x00803808        0x4 qtouch/touch.o
                0x00803808                library_modules_acq_engines
 .data.library_module_init_data_models
                0x0080380c        0x4 qtouch/touch.o
                0x0080380c                library_module_init_data_models
 .data.library_modules_proc
                0x00803810        0x4 qtouch/touch.o
                0x00803810                library_modules_proc
 .data.library_modules_init
                0x00803814        0x4 qtouch/touch.o
                0x00803814                library_modules_init
 .data.qtlib_key_set1
                0x00803818        0x8 qtouch/touch.o
                0x00803818                qtlib_key_set1
 .data.qtlib_key_configs_set1
                0x00803820       0x18 qtouch/touch.o
                0x00803820                qtlib_key_configs_set1
 .data.qtlib_key_grp_config_set1
                0x00803838        0xa qtouch/touch.o
                0x00803838                qtlib_key_grp_config_set1
 .data.qtlib_acq_set1
                0x00803842        0x6 qtouch/touch.o
                0x00803842                qtlib_acq_set1
 .data.ptc_seq_node_cfg1
                0x00803848       0x40 qtouch/touch.o
                0x00803848                ptc_seq_node_cfg1
 .data.ptc_qtlib_acq_gen1
                0x00803888        0x5 qtouch/touch.o
                0x00803888                ptc_qtlib_acq_gen1
 .data.qtm_which_mode_current
                0x0080388d        0x1 ../qtouch/lib/gcc\libqtm_acq_runtime_t1616_0x0018.a(avr_acq_g_t1616.o)
                0x0080388d                qtm_which_mode_current
 *(.gnu.linkonce.d*)
                0x0080388e                . = ALIGN (0x2)
                0x0080388e                _edata = .
                0x0080388e                PROVIDE (__data_end, .)

.bss            0x0080388e       0xbc
                0x0080388e                PROVIDE (__bss_start, .)
 *(.bss)
 *(.bss*)
 .bss.read_flag
                0x0080388e        0x1 main.o
                0x0080388e                read_flag
 .bss.level_status
                0x0080388f        0x1 main.o
                0x0080388f                level_status
 .bss.module_error_code
                0x00803890        0x1 qtouch/touch.o
                0x00803890                module_error_code
 .bss.measurement_done_touch
                0x00803891        0x1 qtouch/touch.o
                0x00803891                measurement_done_touch
 .bss.qtm_local_ms_timecount
                0x00803892        0x2 ../qtouch/lib/gcc\libqtm_touch_key_t1616_0x0002.a(avr_touch_key_g_t1616.o)
                0x00803892                qtm_local_ms_timecount
 .bss.errors    0x00803894        0x1 ../qtouch/lib/gcc\libqtm_binding_layer_t1616_0x0005.a(avr_binding_layer_g_t1616.o)
 .bss.current_process_id
                0x00803895        0x1 ../qtouch/lib/gcc\libqtm_binding_layer_t1616_0x0005.a(avr_binding_layer_g_t1616.o)
 .bss.qtm_state
                0x00803896        0x1 ../qtouch/lib/gcc\libqtm_binding_layer_t1616_0x0005.a(avr_binding_layer_g_t1616.o)
                0x00803896                qtm_state
 .bss.ptc_seq_measure_complete_pointer
                0x00803897        0x2 ../qtouch/lib/gcc\libqtm_acq_runtime_t1616_0x0018.a(avr_acq_g_t1616.o)
 .bss.touch_seq_lib_state
                0x00803899        0x1 ../qtouch/lib/gcc\libqtm_acq_runtime_t1616_0x0018.a(avr_acq_g_t1616.o)
 .bss.current_measure_channel
                0x0080389a        0x2 ../qtouch/lib/gcc\libqtm_acq_runtime_t1616_0x0018.a(avr_acq_g_t1616.o)
 *(COMMON)
 COMMON         0x0080389c       0x11 main.o
                0x0080389c                touch_value
                0x0080389d                slave_address
                0x0080389e                register_address
                0x0080389f                raw_value
                0x008038a7                i
                0x008038a9                num_reads
                0x008038aa                num_addresses
                0x008038ab                num_stops
                0x008038ac                num_writes
 COMMON         0x008038ad       0x8b qtouch/touch.o
                0x008038ad                qstate
                0x008038ae                qtlib_key_grp_data_set1
                0x008038b4                interrupt_cnt
                0x008038b5                ptc_qtlib_node_stat1
                0x008038dd                touch_acq_signals_raw
                0x008038ed                p_qtm_control
                0x008038ef                qtm_control
                0x00803908                qtlib_key_data_set1
 COMMON         0x00803938        0xc src/i2c_slave.o
                0x00803938                I2C_0_stop_interrupt_handler
                0x0080393a                I2C_0_write_interrupt_handler
                0x0080393c                I2C_0_read_interrupt_handler
                0x0080393e                I2C_0_address_interrupt_handler
                0x00803940                I2C_0_bus_error_interrupt_handler
                0x00803942                I2C_0_collision_interrupt_handler
 COMMON         0x00803944        0x2 ../qtouch/lib/gcc\libqtm_binding_layer_t1616_0x0005.a(avr_binding_layer_g_t1616.o)
                0x00803944                qtm
 COMMON         0x00803946        0x4 ../qtouch/lib/gcc\libqtm_acq_runtime_t1616_0x0018.a(avr_acq_g_t1616.o)
                0x00803946                qtm_acquisition_control_working_set_ptr
                0x00803948                qtm_raw_data_measurements_ptr
                0x0080394a                PROVIDE (__bss_end, .)
                0x000019ea                __data_load_start = LOADADDR (.data)
                0x00001a78                __data_load_end = (__data_load_start + SIZEOF (.data))

.noinit         0x0080394a        0x0
                [!provide]                PROVIDE (__noinit_start, .)
 *(.noinit*)
                [!provide]                PROVIDE (__noinit_end, .)
                0x0080394a                _end = .
                [!provide]                PROVIDE (__heap_start, .)

.eeprom         0x00810000        0x0
 *(.eeprom*)
                0x00810000                __eeprom_end = .

.fuse
 *(.fuse)
 *(.lfuse)
 *(.hfuse)
 *(.efuse)

.lock
 *(.lock*)

.signature
 *(.signature*)

.user_signatures
 *(.user_signatures*)

.stab
 *(.stab)

.stabstr
 *(.stabstr)

.stab.excl
 *(.stab.excl)

.stab.exclstr
 *(.stab.exclstr)

.stab.index
 *(.stab.index)

.stab.indexstr
 *(.stab.indexstr)

.comment        0x00000000       0x30
 *(.comment)
 .comment       0x00000000       0x30 atmel_start.o
                                 0x31 (size before relaxing)
 .comment       0x00000030       0x31 driver_isr.o
 .comment       0x00000030       0x31 main.o
 .comment       0x00000030       0x31 qtouch/touch.o
 .comment       0x00000030       0x31 src/bod.o
 .comment       0x00000030       0x31 src/clkctrl.o
 .comment       0x00000030       0x31 src/cpuint.o
 .comment       0x00000030       0x31 src/driver_init.o
 .comment       0x00000030       0x31 src/i2c_slave.o
 .comment       0x00000030       0x31 src/rtc.o
 .comment       0x00000030       0x31 src/slpctrl.o
 .comment       0x00000030       0x31 ../qtouch/lib/gcc\libqtm_touch_key_t1616_0x0002.a(avr_touch_key_g_t1616.o)
 .comment       0x00000030       0x31 ../qtouch/lib/gcc\libqtm_binding_layer_t1616_0x0005.a(avr_binding_layer_g_t1616.o)
 .comment       0x00000030       0x31 ../qtouch/lib/gcc\libqtm_acq_runtime_t1616_0x0018.a(avr_acq_g_t1616.o)

.note.gnu.avr.deviceinfo
                0x00000000       0x40
 .note.gnu.avr.deviceinfo
                0x00000000       0x40 E:/atmel_studio/web_install_dir/7.0/Packs/atmel/ATtiny_DFP/1.3.172/gcc/dev/attiny1616/avrxmega3/crtattiny1616.o

.note.gnu.build-id
 *(.note.gnu.build-id)

.debug
 *(.debug)

.line
 *(.line)

.debug_srcinfo
 *(.debug_srcinfo)

.debug_sfnames
 *(.debug_sfnames)

.debug_aranges  0x00000000      0x2d8
 *(.debug_aranges)
 .debug_aranges
                0x00000000       0x20 atmel_start.o
 .debug_aranges
                0x00000020       0x20 driver_isr.o
 .debug_aranges
                0x00000040       0x50 main.o
 .debug_aranges
                0x00000090       0xa8 qtouch/touch.o
 .debug_aranges
                0x00000138       0x20 src/bod.o
 .debug_aranges
                0x00000158       0x20 src/clkctrl.o
 .debug_aranges
                0x00000178       0x20 src/cpuint.o
 .debug_aranges
                0x00000198       0x30 src/driver_init.o
 .debug_aranges
                0x000001c8       0xd0 src/i2c_slave.o
 .debug_aranges
                0x00000298       0x20 src/rtc.o
 .debug_aranges
                0x000002b8       0x20 src/slpctrl.o

.debug_pubnames
 *(.debug_pubnames)

.debug_info     0x00000000     0x5001
 *(.debug_info .gnu.linkonce.wi.*)
 .debug_info    0x00000000     0x19ed E:/atmel_studio/web_install_dir/7.0/Packs/atmel/ATtiny_DFP/1.3.172/gcc/dev/attiny1616/avrxmega3/crtattiny1616.o
 .debug_info    0x000019ed       0xb0 atmel_start.o
 .debug_info    0x00001a9d      0x364 driver_isr.o
 .debug_info    0x00001e01      0x3fb main.o
 .debug_info    0x000021fc     0x173d qtouch/touch.o
 .debug_info    0x00003939       0x8d src/bod.o
 .debug_info    0x000039c6       0x8d src/clkctrl.o
 .debug_info    0x00003a53       0x8d src/cpuint.o
 .debug_info    0x00003ae0      0xa70 src/driver_init.o
 .debug_info    0x00004550      0x66e src/i2c_slave.o
 .debug_info    0x00004bbe      0x3b6 src/rtc.o
 .debug_info    0x00004f74       0x8d src/slpctrl.o

.debug_abbrev   0x00000000     0x2433
 *(.debug_abbrev)
 .debug_abbrev  0x00000000     0x1888 E:/atmel_studio/web_install_dir/7.0/Packs/atmel/ATtiny_DFP/1.3.172/gcc/dev/attiny1616/avrxmega3/crtattiny1616.o
 .debug_abbrev  0x00001888       0x63 atmel_start.o
 .debug_abbrev  0x000018eb       0xf1 driver_isr.o
 .debug_abbrev  0x000019dc      0x160 main.o
 .debug_abbrev  0x00001b3c      0x39d qtouch/touch.o
 .debug_abbrev  0x00001ed9       0x51 src/bod.o
 .debug_abbrev  0x00001f2a       0x51 src/clkctrl.o
 .debug_abbrev  0x00001f7b       0x51 src/cpuint.o
 .debug_abbrev  0x00001fcc      0x188 src/driver_init.o
 .debug_abbrev  0x00002154      0x1ba src/i2c_slave.o
 .debug_abbrev  0x0000230e       0xd4 src/rtc.o
 .debug_abbrev  0x000023e2       0x51 src/slpctrl.o

.debug_line     0x00000000     0x13b8
 *(.debug_line .debug_line.* .debug_line_end)
 .debug_line    0x00000000      0x151 E:/atmel_studio/web_install_dir/7.0/Packs/atmel/ATtiny_DFP/1.3.172/gcc/dev/attiny1616/avrxmega3/crtattiny1616.o
 .debug_line    0x00000151       0x8b atmel_start.o
 .debug_line    0x000001dc      0x10c driver_isr.o
 .debug_line    0x000002e8      0x22b main.o
 .debug_line    0x00000513      0x48a qtouch/touch.o
 .debug_line    0x0000099d       0x9e src/bod.o
 .debug_line    0x00000a3b       0xa2 src/clkctrl.o
 .debug_line    0x00000add       0xa7 src/cpuint.o
 .debug_line    0x00000b84      0x26c src/driver_init.o
 .debug_line    0x00000df0      0x40d src/i2c_slave.o
 .debug_line    0x000011fd      0x119 src/rtc.o
 .debug_line    0x00001316       0xa2 src/slpctrl.o

.debug_frame    0x00000000      0x580
 *(.debug_frame)
 .debug_frame   0x00000000       0x24 atmel_start.o
 .debug_frame   0x00000024       0x6c driver_isr.o
 .debug_frame   0x00000090       0x90 main.o
 .debug_frame   0x00000120      0x19c qtouch/touch.o
 .debug_frame   0x000002bc       0x24 src/bod.o
 .debug_frame   0x000002e0       0x24 src/clkctrl.o
 .debug_frame   0x00000304       0x24 src/cpuint.o
 .debug_frame   0x00000328       0x44 src/driver_init.o
 .debug_frame   0x0000036c      0x1cc src/i2c_slave.o
 .debug_frame   0x00000538       0x24 src/rtc.o
 .debug_frame   0x0000055c       0x24 src/slpctrl.o

.debug_str      0x00000000     0x280f
 *(.debug_str)
 .debug_str     0x00000000      0xacf E:/atmel_studio/web_install_dir/7.0/Packs/atmel/ATtiny_DFP/1.3.172/gcc/dev/attiny1616/avrxmega3/crtattiny1616.o
 .debug_str     0x00000acf      0x197 atmel_start.o
                                0x1cb (size before relaxing)
 .debug_str     0x00000c66      0x18f driver_isr.o
                                0x345 (size before relaxing)
 .debug_str     0x00000df5      0x202 main.o
                                0x3ab (size before relaxing)
 .debug_str     0x00000ff7     0x10ea qtouch/touch.o
                               0x14ef (size before relaxing)
 .debug_str     0x000020e1       0x16 src/bod.o
                                0x1ad (size before relaxing)
 .debug_str     0x000020f7       0x1e src/clkctrl.o
                                0x1b5 (size before relaxing)
 .debug_str     0x00002115       0x1c src/cpuint.o
                                0x1b3 (size before relaxing)
 .debug_str     0x00002131      0x285 src/driver_init.o
                                0x62c (size before relaxing)
 .debug_str     0x000023b6      0x2ab src/i2c_slave.o
                                0x552 (size before relaxing)
 .debug_str     0x00002661      0x19d src/rtc.o
                                0x4c3 (size before relaxing)
 .debug_str     0x000027fe       0x11 src/slpctrl.o
                                0x1b5 (size before relaxing)

.debug_loc      0x00000000      0x9f2
 *(.debug_loc)
 .debug_loc     0x00000000       0xcb driver_isr.o
 .debug_loc     0x000000cb       0x65 main.o
 .debug_loc     0x00000130      0x51c qtouch/touch.o
 .debug_loc     0x0000064c      0x236 src/driver_init.o
 .debug_loc     0x00000882      0x170 src/i2c_slave.o

.debug_macinfo
 *(.debug_macinfo)

.debug_weaknames
 *(.debug_weaknames)

.debug_funcnames
 *(.debug_funcnames)

.debug_typenames
 *(.debug_typenames)

.debug_varnames
 *(.debug_varnames)

.debug_pubtypes
 *(.debug_pubtypes)

.debug_ranges   0x00000000      0x228
 *(.debug_ranges)
 .debug_ranges  0x00000000       0x10 atmel_start.o
 .debug_ranges  0x00000010       0x10 driver_isr.o
 .debug_ranges  0x00000020       0x40 main.o
 .debug_ranges  0x00000060       0x98 qtouch/touch.o
 .debug_ranges  0x000000f8       0x10 src/bod.o
 .debug_ranges  0x00000108       0x10 src/clkctrl.o
 .debug_ranges  0x00000118       0x10 src/cpuint.o
 .debug_ranges  0x00000128       0x20 src/driver_init.o
 .debug_ranges  0x00000148       0xc0 src/i2c_slave.o
 .debug_ranges  0x00000208       0x10 src/rtc.o
 .debug_ranges  0x00000218       0x10 src/slpctrl.o

.debug_macro
 *(.debug_macro)
OUTPUT(WaterLevel_u2_driver.elf elf32-avr)
LOAD linker stubs
